<html>
<body>
<pre>
<h1>µVision Build Log</h1>
<h2>Tool Versions:</h2>
IDE-Version: µVision V5.34.0.0
Copyright (C) 2021 ARM Ltd and ARM Germany GmbH. All rights reserved.
License Information: 11 1, 1, LIC=JDA0P-M9AIW-HRMXN-YZIHX-FC8LW-39J2C
 
Tool Versions:
Toolchain:       MDK-ARM Professional  Version: 5.34.0.0
Toolchain Path:  C:\Programs\Keil\KeilV5\ARM\ARMCC\Bin
C Compiler:      Armcc.exe V5.06 update 7 (build 960)
Assembler:       Armasm.exe V5.06 update 7 (build 960)
Linker/Locator:  ArmLink.exe V5.06 update 7 (build 960)
Library Manager: ArmAr.exe V5.06 update 7 (build 960)
Hex Converter:   FromElf.exe V5.06 update 7 (build 960)
CPU DLL:         SARMCM3.DLL V5.34.0.0
Dialog DLL:      DCM.DLL V1.17.3.0
Target DLL:      STLink\ST-LINKIII-KEIL_SWO.dll V3.0.8.0
Dialog DLL:      TCM.DLL V1.48.0.0
 
<h2>Project:</h2>
E:\Projects\STM32EthernetMx\MDK-ARM\STM32EthernetMx.uvprojx
Project File Date:  06/30/2021

<h2>Output:</h2>
*** Using Compiler 'V5.06 update 7 (build 960)', folder: 'C:\Programs\Keil\KeilV5\ARM\ARMCC\Bin'
Build target 'STM32EthernetMx'
compiling main.c...
../Core/Src/main.c(80): warning:  #188-D: enumerated type mixed with another type
    HAL_GPIO_WritePin(GPIOB, GPIO_PIN_15, phases[step_value][0]);
../Core/Src/main.c(81): warning:  #188-D: enumerated type mixed with another type
    HAL_GPIO_WritePin(GPIOB, GPIO_PIN_14, phases[step_value][1]);
../Core/Src/main.c(82): warning:  #188-D: enumerated type mixed with another type
    HAL_GPIO_WritePin(GPIOB, GPIO_PIN_13, phases[step_value][2]);
../Core/Src/main.c(83): warning:  #188-D: enumerated type mixed with another type
    HAL_GPIO_WritePin(GPIOB, GPIO_PIN_12, phases[step_value][3]);
../Core/Src/main.c: 4 warnings, 0 errors
linking...
Program Size: Code=9212 RO-data=436 RW-data=172 ZI-data=1756  
FromELF: creating hex file...
"STM32EthernetMx\STM32EthernetMx.axf" - 0 Error(s), 4 Warning(s).

<h2>Software Packages used:</h2>

Package Vendor: ARM
                http://www.keil.com/pack/ARM.CMSIS.5.7.0.pack
                ARM.CMSIS.5.7.0
                CMSIS (Cortex Microcontroller Software Interface Standard)
   * Component: CORE Version: 5.4.0

Package Vendor: Keil
                http://www.keil.com/pack/Keil.STM32F1xx_DFP.2.3.0.pack
                Keil.STM32F1xx_DFP.2.3.0
                STMicroelectronics STM32F1 Series Device Support, Drivers and Examples

<h2>Collection of Component include folders:</h2>
  .\RTE\_STM32EthernetMx
  C:\Programs\Keil\Pack\ARM\CMSIS\5.7.0\CMSIS\Core\Include
  C:\Programs\Keil\Pack\Keil\STM32F1xx_DFP\2.3.0\Device\Include

<h2>Collection of Component Files used:</h2>

   * Component: ARM::CMSIS:CORE:5.4.0
Build Time Elapsed:  00:00:02
</pre>
</body>
</html>
